// Jest Snapshot v1, https://goo.gl/fbAQLP

exports[`Order Tray Redux Components Picker PickerProviderListItem matches snapshot 1`] = `
<li
  className="order-picker__provider order-picker__control"
  data-context="order tray"
>
  <span
    className="input input--faux-radio"
    data-provider-group-id="92"
    data-provider-id="92"
    id="order-picker__provider-92"
  >
    <img
      className="input__icon"
      src="https://www.sho.com/www/sho/lib/assets/svg/super-radio_36x36.svg"
    />
    Apple
  </span>
</li>
`;
